// Jest Snapshot v1, https://goo.gl/fbAQLP

exports[`should allow cache-and-network fetchPolicy as an option and still render prefetched data 1`] = `"<div>James</div>"`;

exports[`should allow network-only fetchPolicy as an option and still render prefetched data 1`] = `"<div>James</div>"`;

exports[`should correctly skip queries 1`] = `"<div>Loading user details</div>"`;

exports[`should handle errors thrown by queries 1`] = `[Error: Network error: Simulating network error]`;

exports[`should handle errors thrown by queries 2`] = `"<div>Loading user details</div>"`;

exports[`should handle nested queries that depend on each other 1`] = `"<div><div>Authorized: <!-- -->true</div><div>James</div></div>"`;

exports[`should not require \`ApolloProvider\` to be the root component 1`] = `"<div><div>James</div></div>"`;

exports[`should pick up queries deep in the render tree 1`] = `"<div><span>Hi</span><div><div>James</div></div></div>"`;

exports[`should run through all of the queries that want SSR 1`] = `"<div>James</div>"`;

exports[`should use the correct default props for a query 1`] = `
Object {
  "$ROOT_QUERY.currentUser": Object {
    "firstName": "James",
  },
  "ROOT_QUERY": Object {
    "currentUser": Object {
      "generated": true,
      "id": "$ROOT_QUERY.currentUser",
      "type": "id",
      "typename": undefined,
    },
  },
}
`;

exports[`shouldn't run queries if ssr is turned to off 1`] = `"<div>Loading user details</div>"`;
